{
    "css": "https://raw.githubusercontent.com/MEGA-Dawg68/BetterSEQTA-Themes/main/themes/Golden/golden.css",
    "className": "golden",
    "defaultColour": "rgb(0, 235, 74)",
    "darkMode": true,
    "images": {}
  }
  