{
  "css": "https://raw.githubusercontent.com/MEGA-Dawg68/BetterSEQTA-Themes/main/themes/theme.css",
  "className": "",
  "images": {
    "--other-image": "https://source.unsplash.com/random/1920x1080"
  }
}
